===== 精细网格：可行 (ρ0,p) 与 (α,β) 区域 =====
  ρ0=1.370 p=0.5: α∈[4.21,4.21] β∈[1.12,1.14] 面积=0.00% Cheb=(α=4.21,β=1.12) 裕量=0.0%
  ρ0=1.372 p=0.5: α∈[3.72,4.02] β∈[0.58,1.32] 面积=0.12% Cheb=(α=3.92,β=1.23) 裕量=1.0%
  ρ0=1.374 p=0.5: α∈[3.59,3.84] β∈[0.48,1.14] 面积=0.09% Cheb=(α=3.77,β=1.07) 裕量=0.8%
  ρ0=1.376 p=0.5: α∈[3.49,3.69] β∈[0.44,0.98] 面积=0.07% Cheb=(α=3.62,β=0.89) 裕量=0.7%
  ρ0=1.378 p=0.5: α∈[3.37,3.52] β∈[0.36,0.91] 面积=0.06% Cheb=(α=3.49,β=0.79) 裕量=0.6%
  ρ0=1.380 p=0.5: α∈[3.27,3.37] β∈[0.34,0.84] 面积=0.05% Cheb=(α=3.34,β=0.63) 裕量=0.5%
  ρ0=1.382 p=0.5: α∈[3.12,3.22] β∈[0.23,0.79] 面积=0.04% Cheb=(α=3.19,β=0.52) 裕量=0.4%
  ρ0=1.384 p=0.5: α∈[2.97,3.07] β∈[0.27,0.78] 面积=0.04% Cheb=(α=3.04,β=0.57) 裕量=0.5%
  ρ0=1.386 p=0.5: α∈[2.89,2.92] β∈[0.13,0.32] 面积=0.01% Cheb=(α=2.92,β=0.24) 裕量=0.2%

===== 选定 ρ0=1.372, p=0.5（Chebyshev 裕量最大）; 权重 α=3.920, β=1.234 =====
  可行窗：α∈[3.70,4.02]（宽度 9%） β∈[0.55,1.33]
  4 条相邻不等式中绑定（裕量<20%）的：
  各相邻裕量 @中心: E1_s28_les≺FullLagP2_: R+= 0.385 | FullLagP2_≺LongBridge: R+= 0.275 | LongBridge≺MrPro: R+= 0.114 | MrPro≺Smooth_MrB: R+= 0.241

  ===== 5 点（拟合）=====
  E1_s28_less                U= 17 H=  5.46 Φ= 6.70 R=  46.67 score=83.3333
  FullLagP2_Transfer3B       U=  0 H= 10.19 Φ= 5.76 R=  47.05 score=81.6667
  LongBridgeSlower           U= 13 H=  6.45 Φ= 7.33 R=  47.33 score=80.0694
  MrPro                      U= 17 H=  5.46 Φ= 7.33 R=  47.44 score=78.125
  Smooth_MrBudget            U= 13 H=  8.32 Φ= 1.68 R=  47.68 score=68.3333
  幅度拟合: score ≈ 685.58 − 12.857·R   残差 E1:+2.26 FullLa:-1.02 LongBr:-2.96 MrPro:-2.49 Smooth:+4.20

  ===== 留出法（7 臂未参与定权）=====
  E1_pair28_29           U= 17 H=  6.95 Φ= 7.49 R=  53.48 pred= -2.01 actual= 73.96 err=-75.97
  LongBridgeFaster       U= 19 H=  4.92 Φ= 7.33 R=  47.33 pred= 77.01 actual= 73.96 err= +3.05
  E1_s29_more            U= 17 H=  6.23 Φ= 8.12 R=  51.45 pred= 24.02 actual= 77.92 err=-53.89
  MrProBM                U= 11 H=  3.88 Φ=18.37 R=  48.88 pred= 57.08 actual= 70.83 err=-13.75
  MrUni                  U= 16 H=  0.00 Φ=30.39 R=  53.50 pred= -2.25 actual= 73.33 err=-75.58
  E7_local_projection    U= 10 H=  7.62 Φ= 8.58 R=  50.45 pred= 36.98 actual= 68.61 err=-31.63
  GapCapped              U= 16 H= 11.82 Φ= 0.00 R=  62.35 pred=-116.04 actual= 62.15 err=-178.19

  实测降序: E1 > FullLagP2 > LongBridg > MrPro > E1 > E1 > LongBridg > MrUni > MrProBM > E7 > Smooth > GapCapped
  预测降序: E1 > FullLagP2 > LongBridg > LongBridg > MrPro > Smooth > MrProBM > E7 > E1 > E1 > MrUni > GapCapped
  Kendall τ (12 点全序) = +0.576

  ===== 可行域内稳健性（1000 随机可行点）=====
  12 点全序一致率: 114/1000
  最常见: E1 < FullLagP2 < LongBridg < LongBridg < MrPro < Smooth < MrProBM < E7 < E1 < MrUni < E1 < GapCapped
  5 点序: E1 < FullLagP2 < LongBridg < MrPro < Smooth  (100.0%)

  ===== 队列候选（未执行——仅结构预测）=====
  StackFrontBack  U= 13 H=  6.45 Φ= 6.70 R=  46.55 (MrPro R=47.44) → 预测 优于 MrPro, pred 87.1
  MrProN16        U= 14 H=  6.86 Φ= 8.30 R=  51.15 (MrPro R=47.44) → 预测 劣于 MrPro, pred 28.0
  MrProN15        U= 10 H=  7.60 Φ= 9.50 R=  51.51 (MrPro R=47.44) → 预测 劣于 MrPro, pred 23.3

  ===== 敏感性：band/arc/bank 变体下 ρ0=1.371,p=0.5 是否仍可行 =====
  band=2.0 arc=6.47 bank=(24, 29): 不可行
  band=2.0 arc=6.47 bank=(24, 31): 不可行
  band=2.0 arc=6.47 bank=(26, 29): 不可行
  band=2.0 arc=8.0 bank=(24, 29): 不可行
  band=2.0 arc=8.0 bank=(24, 31): 不可行
  band=2.0 arc=8.0 bank=(26, 29): 不可行
  band=2.0 arc=9.96 bank=(24, 29): 不可行
  band=2.0 arc=9.96 bank=(24, 31): 不可行
  band=2.0 arc=9.96 bank=(26, 29): 不可行
  band=4.0 arc=6.47 bank=(24, 29): 可行 α∈[3.80,4.10] β∈[0.67,1.40]
  band=4.0 arc=6.47 bank=(24, 31): 不可行
  band=4.0 arc=6.47 bank=(26, 29): 可行 α∈[3.70,3.80] β∈[0.85,1.47]
  band=4.0 arc=8.0 bank=(24, 29): 可行 α∈[3.80,4.10] β∈[0.67,1.40]
  band=4.0 arc=8.0 bank=(24, 31): 不可行
  band=4.0 arc=8.0 bank=(26, 29): 可行 α∈[3.70,3.80] β∈[0.85,1.47]
  band=4.0 arc=9.96 bank=(24, 29): 可行 α∈[3.80,4.10] β∈[0.67,1.40]
  band=4.0 arc=9.96 bank=(24, 31): 不可行
  band=4.0 arc=9.96 bank=(26, 29): 可行 α∈[3.70,3.80] β∈[0.85,1.47]
  band=8.0 arc=6.47 bank=(24, 29): 不可行
  band=8.0 arc=6.47 bank=(24, 31): 不可行
  band=8.0 arc=6.47 bank=(26, 29): 不可行
  band=8.0 arc=8.0 bank=(24, 29): 不可行
  band=8.0 arc=8.0 bank=(24, 31): 不可行
  band=8.0 arc=8.0 bank=(26, 29): 不可行
  band=8.0 arc=9.96 bank=(24, 29): 不可行
  band=8.0 arc=9.96 bank=(24, 31): 不可行
  band=8.0 arc=9.96 bank=(26, 29): 不可行

  ===== 逐行暴露清单（选定参数）=====
  MrPro                    88K:[35, 36, 37] | 95K:[35, 36, 37] | 105K:[36, 37, 38] | 117K:[36, 37, 38, 39] | 127K:[36, 37, 38, 39]
  E1_s28_less              88K:[35, 36, 37] | 95K:[35, 36, 37] | 105K:[36, 37, 38] | 117K:[36, 37, 38, 39] | 127K:[36, 37, 38, 39]
  LongBridgeSlower         88K:[35, 36] | 95K:[35, 36, 37] | 105K:[36, 37] | 117K:[36, 37, 38] | 127K:[36, 37, 38]
  FullLagP2_Transfer3B     88K:[] | 95K:[] | 105K:[] | 117K:[] | 127K:[]
  Smooth_MrBudget          88K:[35, 36] | 95K:[35, 36] | 105K:[36, 37] | 117K:[36, 37, 38] | 127K:[36, 37, 38, 39]
  反例 ρ0=1.35 p=0.5: 最小最大违背 +2.054@α=9.90,β=1.64 （>0 即无解；违背出现在最紧的不等式）
  反例 ρ0=1.371 p=1.0: 最小最大违背 +2.462@α=2.03,β=0.02 （>0 即无解；违背出现在最紧的不等式）
  反例 ρ0=1.4 p=0.5: 最小最大违背 +0.813@α=2.33,β=0.02 （>0 即无解；违背出现在最紧的不等式）
