[自检] D_j 重算 vs JSON 存储值 一致（1e-3 相对容差）

===== (a1) 过渡带逐槽 D_j（K=1000 tokens）与 T_j^dep、r_j =====
slot |  r_j   |       MrPro |   E1_s28_le |   LongBridg |   FullLagP2 |   Smooth_Mr |
  23 |  36.39 |      32.8K |      32.8K |      32.8K |      32.8K |      32.8K |   T:0.90,0.90,0.90,0.90,0.90K
  24 |  29.33 |      33.1K |      33.1K |      33.1K |      32.8K |      32.8K |   T:1.13,1.13,1.13,1.12,1.12K
  25 |  23.63 |      33.7K |      33.7K |      33.7K |      32.9K |      32.8K |   T:1.42,1.42,1.42,1.39,1.39K
  26 |  19.04 |      34.6K |      34.6K |      34.6K |      33.2K |      32.8K |   T:1.82,1.82,1.82,1.74,1.72K
  27 |  15.35 |      35.9K |      35.9K |      35.9K |      33.8K |      33.2K |   T:2.34,2.34,2.34,2.20,2.17K
  28 |  12.37 |      37.5K |      35.9K |      37.5K |      36.3K |      34.1K |   T:3.04,2.90,3.04,2.94,2.76K
  29 |   9.97 |      39.6K |      39.6K |      39.6K |      44.5K |      35.7K |   T:3.98,3.98,3.98,4.47,3.59K
  30 |   8.03 |      42.2K |      42.2K |      42.2K |     106.5K |      38.2K |   T:5.26,5.26,5.26,13.27,4.76K
  31 |   6.47 |      45.4K |      45.4K |      45.4K |     130.7K |      41.9K |   T:7.02,7.02,7.02,20.19,6.47K
  32 |   5.22 |      49.3K |      49.3K |      49.3K |     131.1K |      46.8K |   T:9.45,9.45,9.45,25.13,8.97K
  33 |   4.20 |      53.9K |      53.9K |      53.9K |     131.1K |      53.3K |   T:12.83,12.83,12.83,31.19,12.68K
  34 |   3.39 |      59.6K |      59.6K |      59.6K |     131.1K |      61.6K |   T:17.60,17.60,17.60,38.70,18.20K
  35 |   2.73 |      66.4K |      66.4K |      66.4K |     131.1K |      72.0K |   T:24.34,24.34,24.34,48.03,26.37K
  36 |   2.20 |      74.7K |      74.7K |      78.0K |     131.1K |      84.2K |   T:33.98,33.98,35.45,59.60,38.27K
  37 |   1.77 |      84.8K |      84.8K |      90.1K |     131.1K |      97.7K |   T:47.87,47.87,50.83,73.96,55.15K
  38 |   1.43 |      97.2K |      97.2K |     106.0K |     131.1K |     111.5K |   T:68.06,68.06,74.19,91.78,78.11K
  39 |   1.15 |     112.4K |     112.4K |     127.5K |     131.1K |     123.6K |   T:97.63,97.63,110.76,113.89,107.38K
  40 |   0.93 |     131.1K |     131.1K |     131.1K |     131.1K |     131.1K |   T:141.33,141.33,141.33,141.33,141.33K

===== (a2) MrPro 危险区地平线与证据距离行的关系 =====
MrPro                      D36..39 = 74,737, 84,845, 97,197, 112,361
E1_s28_less                D36..39 = 74,737, 84,845, 97,197, 112,361
LongBridgeSlower           D36..39 = 77,954, 90,082, 105,953, 127,473
FullLagP2_Transfer3B       D36..39 = 131,072, 131,072, 131,072, 131,072
Smooth_MrBudget            D36..39 = 84,162, 97,746, 111,549, 123,575

===== (a3) 覆盖矩阵：暴露的桥内 arc 时钟（D_j < d）/ 责任槽 =====
d=88,726 (NONGEOMETRIC:348):
    MrPro                    责任[35, 36, 37, 38] 暴露[35, 36, 37] 安全桥钟=1
    E1_s28_less              责任[35, 36, 37, 38] 暴露[35, 36, 37] 安全桥钟=1
    LongBridgeSlower         责任[35, 36, 37, 38] 暴露[35, 36] 安全桥钟=2
    FullLagP2_Transfer3B     责任[] 暴露[] 安全桥钟=8
    Smooth_MrBudget          责任[35, 36, 37, 38] 暴露[35, 36] 安全桥钟=2
d=95,676 (NONGEOMETRIC:443):
    MrPro                    责任[35, 36, 37, 38] 暴露[35, 36, 37] 安全桥钟=1
    E1_s28_less              责任[35, 36, 37, 38] 暴露[35, 36, 37] 安全桥钟=1
    LongBridgeSlower         责任[35, 36, 37, 38] 暴露[35, 36, 37] 安全桥钟=1
    FullLagP2_Transfer3B     责任[] 暴露[] 安全桥钟=9
    Smooth_MrBudget          责任[35, 36, 37, 38] 暴露[35, 36] 安全桥钟=2
d=105,880 (GLM:33):
    MrPro                    责任[36, 37, 38, 39] 暴露[36, 37, 38] 安全桥钟=1
    E1_s28_less              责任[36, 37, 38, 39] 暴露[36, 37, 38] 安全桥钟=1
    LongBridgeSlower         责任[36, 37, 38] 暴露[36, 37] 安全桥钟=1
    FullLagP2_Transfer3B     责任[] 暴露[] 安全桥钟=9
    Smooth_MrBudget          责任[36, 37, 38] 暴露[36, 37] 安全桥钟=1
d=117,487 (NONGEOMETRIC:443):
    MrPro                    责任[36, 37, 38, 39] 暴露[36, 37, 38, 39] 安全桥钟=0
    E1_s28_less              责任[36, 37, 38, 39] 暴露[36, 37, 38, 39] 安全桥钟=0
    LongBridgeSlower         责任[36, 37, 38, 39] 暴露[36, 37, 38] 安全桥钟=1
    FullLagP2_Transfer3B     责任[] 暴露[] 安全桥钟=9
    Smooth_MrBudget          责任[36, 37, 38, 39] 暴露[36, 37, 38] 安全桥钟=1
d=127,000 (UNIFIED §4 [假设精确值]):
    MrPro                    责任[36, 37, 38, 39] 暴露[36, 37, 38, 39] 安全桥钟=0
    E1_s28_less              责任[36, 37, 38, 39] 暴露[36, 37, 38, 39] 安全桥钟=0
    LongBridgeSlower         责任[36, 37, 38, 39] 暴露[36, 37, 38] 安全桥钟=1
    FullLagP2_Transfer3B     责任[] 暴露[] 安全桥钟=9
    Smooth_MrBudget          责任[36, 37, 38, 39] 暴露[36, 37, 38, 39] 安全桥钟=0

===== (a4) 得分联表复算校验（vs digest §5.4） =====
MrPro                    scores={'mk2': 0.0, 'mk1': 1.0, 'vt0': 0.2, 'mk0': 1.0, 'vt1': 1.0}  暴露数/责任数 mk2=(3, 4) mk1=(3, 4) vt0=(3, 4)
E1_s28_less              scores={'mk2': 1.0, 'mk1': 1.0, 'vt0': 0.2, 'mk0': 1.0, 'vt1': 1.0}  暴露数/责任数 mk2=(3, 4) mk1=(3, 4) vt0=(3, 4)
LongBridgeSlower         scores={'mk2': 1.0, 'mk1': 0.0, 'vt0': 1.0, 'mk0': 1.0, 'vt1': 1.0}  暴露数/责任数 mk2=(2, 4) mk1=(3, 4) vt0=(2, 3)
FullLagP2_Transfer3B     scores={'mk2': 0.0, 'mk1': 0.0, 'vt0': 0.8, 'mk0': 1.0, 'vt1': 1.0}  暴露数/责任数 mk2=(0, 0) mk1=(0, 0) vt0=(0, 0)

===== (a5) LBS 补哪段 / s28 补哪段（数值穿越） =====
D_36: MrPro 74,737 -> LBS 77,954  (x1.0430)
D_37: MrPro 84,845 -> LBS 90,082  (x1.0617)
D_38: MrPro 97,197 -> LBS 105,953  (x1.0901)
D_39: MrPro 112,361 -> LBS 127,473  (x1.1345)
vt_0 行距离 105,880: LBS D_38 = 105,953  裕量 = 73 tokens
MrPro D_38 = 97,197 差 8,683 tokens 未覆盖
MrPro: m28=0.098039 T28^dep=3,035.3 局部相位移动@3K=0.1439 圈 = 0.904 rad
s28: m28=0.065359 T28^dep=2,900.9 局部相位移动@3K=0.0981 圈 = 0.616 rad

===== (b1) 槽 22–41 的 r_j 阶梯（r=W/T^nat；二分法边界 r=8 与 r=1） =====
  j=22 r= 45.16 T^nat=      726  BANK(r>=8)
  j=23 r= 36.39 T^nat=      900  BANK(r>=8)
  j=24 r= 29.33 T^nat=    1,117  BANK(r>=8)
  j=25 r= 23.63 T^nat=    1,387  BANK(r>=8)
  j=26 r= 19.04 T^nat=    1,721  BANK(r>=8)
  j=27 r= 15.35 T^nat=    2,135  BANK(r>=8)
  j=28 r= 12.37 T^nat=    2,650  BANK(r>=8)
  j=29 r=  9.97 T^nat=    3,288  BANK(r>=8)
  j=30 r=  8.03 T^nat=    4,080  BANK(r>=8)
  j=31 r=  6.47 T^nat=    5,063  ARC(1..8)
  j=32 r=  5.22 T^nat=    6,283  ARC(1..8)
  j=33 r=  4.20 T^nat=    7,797  ARC(1..8)
  j=34 r=  3.39 T^nat=    9,676  ARC(1..8)
  j=35 r=  2.73 T^nat=   12,007  ARC(1..8)
  j=36 r=  2.20 T^nat=   14,900  ARC(1..8) DANGER(r 1.15~2.2)
  j=37 r=  1.77 T^nat=   18,490  ARC(1..8) DANGER(r 1.15~2.2)
  j=38 r=  1.43 T^nat=   22,945  ARC(1..8) DANGER(r 1.15~2.2)
  j=39 r=  1.15 T^nat=   28,473  ARC(1..8) DANGER(r 1.15~2.2)
  j=40 r=  0.93 T^nat=   35,333  SLOPE(r<1)
  j=41 r=  0.75 T^nat=   43,846  SLOPE(r<1)

===== (b2) 32K 窗内容忍证据：桥形不同、32K 分数 bit-相同 =====
  MrPro                32K=87.2222  Σm_24..39=5.3333  m36..39=0.5948,0.6863,0.7843,0.8889
  E1_s28_less          32K=87.2222  Σm_24..39=5.3007  m36..39=0.5948,0.6863,0.7843,0.8889
  Smooth_MrBudget      32K=87.2222  Σm_24..39=5.3333  m36..39=0.6804,0.7884,0.8837,0.9575
  E1_pair28_29         32K=87.2222  Σm_24..39=5.3464  m36..39=0.5948,0.6863,0.7843,0.8889
  LongBridgeFaster     32K=87.2222  Σm_24..39=5.1253  m36..39=0.5656,0.6455,0.7270,0.8081
  （对照：动桥但伤及别的机制的 LBS 80.56 / P2 72.92 / BM 91.67 —— 见 (c) 泛函分解）

===== (c1) 均分界：ρ_max ≥ ρ_nat · 4^{1/N′} =====
  N′=17: 均分界 ρ_minmax = 1.3464  (MrPro 实测 max ρ = 1.4477@N′=17)
  N′=16: 均分界 ρ_minmax = 1.3533  (MrPro 实测 max ρ = 1.4477@N′=17)
  N′=15: 均分界 ρ_minmax = 1.3611  (MrPro 实测 max ρ = 1.4477@N′=17)
  N′= 8: 均分界 ρ_minmax = 1.4757  (MrPro 实测 max ρ = 1.4477@N′=17)
  N′= 1: 均分界 ρ_minmax = 4.9638  (MrPro 实测 max ρ = 1.4477@N′=17)

===== (c2) 各表逐 gap 洞比（g=23..39） =====
  MrPro                  max ρ=1.4476@g39  >1.35 的洞: [(32, 1.3586), (33, 1.371), (34, 1.3835), (35, 1.3961), (36, 1.4088), (37, 1.4216), (38, 1.4345), (39, 1.4476)]
  E1_s28_less            max ρ=1.4476@g39  >1.35 的洞: [(28, 1.371), (32, 1.3586), (33, 1.371), (34, 1.3835), (35, 1.3961), (36, 1.4088), (37, 1.4216), (38, 1.4345), (39, 1.4476)]
  LongBridgeSlower       max ρ=1.4930@g38  >1.35 的洞: [(32, 1.3586), (33, 1.371), (34, 1.3835), (35, 1.4562), (36, 1.434), (37, 1.4596), (38, 1.493)]
  FullLagP2_Transfer3B   max ρ=2.9696@g29  >1.35 的洞: [(28, 1.5215), (29, 2.9696), (30, 1.522)]
  Smooth_MrBudget        max ρ=1.4513@g35  >1.35 的洞: [(30, 1.3577), (31, 1.3872), (32, 1.4139), (33, 1.4352), (34, 1.4485), (35, 1.4513), (36, 1.4412), (37, 1.4162), (38, 1.3747)]
  E1_pair28_29           max ρ=1.4608@g28  >1.35 的洞: [(28, 1.4608), (32, 1.3586), (33, 1.371), (34, 1.3835), (35, 1.3961), (36, 1.4088), (37, 1.4216), (38, 1.4345), (39, 1.4476)]
  MrProBM                max ρ=1.3934@g31  >1.35 的洞: [(27, 1.3619), (28, 1.3756), (29, 1.3855), (30, 1.3914), (31, 1.3934), (32, 1.3914), (33, 1.3855), (34, 1.3756), (35, 1.3619)]

===== (c3) 5 点精确拟合（5×5 线性解 s0 − (A·U+B·H+C·F)，网格 ρ0,p）=====
  可行参数点（5 点残差<1e-9 且 A,B,C>0）: 0 / 共扫描 27720 点

===== (c4) P2 洞带在 89K 行的“梯级丢失”复算 =====
  P2: 89K 行 3~40 圈梯级 5 根，最大相邻比 2.970 (T 4,468->13,267)
  MrPro: 89K 行 3~40 圈梯级 9 根，最大相邻比 1.383 (T 17,595->24,342)

===== (c5) 逐行“危险带”包含关系复算（UNIFIED §4 声明的数字核验） =====
  MrPro 危险区地平线带 = [74,737, 112,361]
  mk2@88,726: 带内=True MrPro暴露桥钟数=3  得分: MrPro 0.0 / s28,LBS 1.0
  vt0@105,880: 带内=True MrPro暴露桥钟数=3  得分: MrPro 0.2 / LBS 1.0
  mk1@95,676: 带内=True MrPro暴露桥钟数=3  得分: MrPro 1.0（反例）
  mk0@117,487: 带内=False MrPro暴露桥钟数=4  得分: 全员 1.0（反例带外仍对）
  vt1@127,000: 带内=False MrPro暴露桥钟数=4  得分: 全员 1.0
